MPLINK 5.08, LINKER
Linker Map File - Created Thu Feb 22 11:23:20 2018

                                 Section Info
                  Section       Type    Address   Location Size(Bytes)
                ---------  ---------  ---------  ---------  ---------
                   .org_0       code   0x000000    program   0x000034
                   .cinit    romdata   0x00001a    program   0x000004
.config_2007_BUILD/DEFAULT/PRODUCTION/PROGRAM       code   0x002007    program   0x000002



                              Program Memory Usage 
                               Start         End      
                           ---------   ---------      
                            0x000000    0x00001b      
                            0x002007    0x002007      
            29 out of 1094 program addresses used, program memory utilization is 2%



                              Symbols - Sorted by Name
                     Name    Address   Location    Storage File                     
                ---------  ---------  ---------  --------- ---------                
                    ATRAS   0x000011    program     static E:\Wels Theory\Electrónica\PIC16F84A\MOTOR_DC.X\Programa_principal.asm
                  DERECHA   0x00000f    program     static E:\Wels Theory\Electrónica\PIC16F84A\MOTOR_DC.X\Programa_principal.asm
                  DETENER   0x000013    program     static E:\Wels Theory\Electrónica\PIC16F84A\MOTOR_DC.X\Programa_principal.asm
                DIRECCION   0x000015    program     static E:\Wels Theory\Electrónica\PIC16F84A\MOTOR_DC.X\Programa_principal.asm
                   INICIO   0x000000    program     static E:\Wels Theory\Electrónica\PIC16F84A\MOTOR_DC.X\Programa_principal.asm
                IZQUIERDA   0x00000d    program     static E:\Wels Theory\Electrónica\PIC16F84A\MOTOR_DC.X\Programa_principal.asm
                   SALIDA   0x000018    program     static E:\Wels Theory\Electrónica\PIC16F84A\MOTOR_DC.X\Programa_principal.asm
                    START   0x000006    program     static E:\Wels Theory\Electrónica\PIC16F84A\MOTOR_DC.X\Programa_principal.asm



                              Symbols - Sorted by Address
                     Name    Address   Location    Storage File                     
                ---------  ---------  ---------  --------- ---------                
                   INICIO   0x000000    program     static E:\Wels Theory\Electrónica\PIC16F84A\MOTOR_DC.X\Programa_principal.asm
                    START   0x000006    program     static E:\Wels Theory\Electrónica\PIC16F84A\MOTOR_DC.X\Programa_principal.asm
                IZQUIERDA   0x00000d    program     static E:\Wels Theory\Electrónica\PIC16F84A\MOTOR_DC.X\Programa_principal.asm
                  DERECHA   0x00000f    program     static E:\Wels Theory\Electrónica\PIC16F84A\MOTOR_DC.X\Programa_principal.asm
                    ATRAS   0x000011    program     static E:\Wels Theory\Electrónica\PIC16F84A\MOTOR_DC.X\Programa_principal.asm
                  DETENER   0x000013    program     static E:\Wels Theory\Electrónica\PIC16F84A\MOTOR_DC.X\Programa_principal.asm
                DIRECCION   0x000015    program     static E:\Wels Theory\Electrónica\PIC16F84A\MOTOR_DC.X\Programa_principal.asm
                   SALIDA   0x000018    program     static E:\Wels Theory\Electrónica\PIC16F84A\MOTOR_DC.X\Programa_principal.asm


